\BOOKMARK [0][-]{chapter.1}{\376\377\173\054\116\000\172\340\000\040\000\040\137\025\212\000}{}% 1
\BOOKMARK [1][-]{section.1.1}{\376\377\0001\000.\0001\000\040\170\024\172\166\200\314\146\157\116\016\141\017\116\111}{chapter.1}% 2
\BOOKMARK [1][-]{section.1.2}{\376\377\0001\000.\0002\000\040\116\011\131\047\152\041\127\213\166\204\220\002\165\050\127\072\146\157\116\016\000\040\000L\000L\000M\000\040\215\357\165\061\166\204\137\305\211\201\140\047}{chapter.1}% 3
\BOOKMARK [1][-]{section.1.3}{\376\377\0001\000.\0003\000\040\147\037\147\103\174\173\127\213\166\204\142\151\134\125\140\047}{chapter.1}% 4
\BOOKMARK [1][-]{section.1.4}{\376\377\0001\000.\0004\000\040\170\024\172\166\166\356\150\007}{chapter.1}% 5
\BOOKMARK [1][-]{section.1.5}{\376\377\0001\000.\0005\000\040\147\054\145\207\215\041\163\056}{chapter.1}% 6
\BOOKMARK [1][-]{section.1.6}{\376\377\0001\000.\0006\000\040\213\272\145\207\176\323\147\204}{chapter.1}% 7
\BOOKMARK [0][-]{chapter.2}{\376\377\173\054\116\214\172\340\000\040\000\040\166\370\121\163\135\345\117\134}{}% 8
\BOOKMARK [1][-]{section.2.1}{\376\377\0002\000.\0001\000\040\147\037\147\103\133\232\116\367\152\041\127\213}{chapter.2}% 9
\BOOKMARK [2][-]{subsection.2.1.1}{\376\377\0002\000.\0001\000.\0001\000\040\000B\000l\000a\000c\000k\000-\000S\000c\000h\000o\000l\000e\000s\000-\000M\000e\000r\000t\000o\000n\000\040\152\041\127\213}{section.2.1}% 10
\BOOKMARK [2][-]{subsection.2.1.2}{\376\377\0002\000.\0001\000.\0002\000\040\136\070\137\071\140\047\145\271\135\356\152\041\127\213}{section.2.1}% 11
\BOOKMARK [2][-]{subsection.2.1.3}{\376\377\0002\000.\0001\000.\0003\000\040\000H\000e\000s\000t\000o\000n\000\040\226\217\147\072\154\342\122\250\163\207\152\041\127\213}{section.2.1}% 12
\BOOKMARK [1][-]{section.2.2}{\376\377\0002\000.\0002\000\040\162\151\164\006\117\341\140\157\171\136\176\317\177\121\176\334}{chapter.2}% 13
\BOOKMARK [2][-]{subsection.2.2.1}{\376\377\0002\000.\0002\000.\0001\000\040\127\372\147\054\123\237\164\006}{section.2.2}% 14
\BOOKMARK [2][-]{subsection.2.2.2}{\376\377\0002\000.\0002\000.\0002\000\040\000P\000I\000N\000N\000\040\127\050\147\037\147\103\133\232\116\367\116\055\166\204\136\224\165\050}{section.2.2}% 15
\BOOKMARK [2][-]{subsection.2.2.3}{\376\377\0002\000.\0002\000.\0003\000\040\163\260\147\011\135\345\117\134\166\204\134\100\226\120\140\047}{section.2.2}% 16
\BOOKMARK [1][-]{section.2.3}{\376\377\0002\000.\0003\000\040\131\047\213\355\212\000\152\041\127\213\217\205\122\251\171\321\133\146\213\241\173\227}{chapter.2}% 17
\BOOKMARK [1][-]{section.2.4}{\376\377\0002\000.\0004\000\040\147\054\172\340\134\017\176\323}{chapter.2}% 18
\BOOKMARK [0][-]{chapter.3}{\376\377\173\054\116\011\172\340\000\040\000\040\145\271\154\325}{}% 19
\BOOKMARK [1][-]{section.3.1}{\376\377\0003\000.\0001\000\040\000P\000I\000N\000N\000\040\176\337\116\000\150\106\147\266}{chapter.3}% 20
\BOOKMARK [2][-]{subsection.3.1.1}{\376\377\0003\000.\0001\000.\0001\000\040\225\356\230\230\137\142\137\017\123\026}{section.3.1}% 21
\BOOKMARK [2][-]{subsection.3.1.2}{\376\377\0003\000.\0001\000.\0002\000\040\143\137\131\061\121\375\145\160}{section.3.1}% 22
\BOOKMARK [2][-]{subsection.3.1.3}{\376\377\0003\000.\0001\000.\0003\000\040\170\154\176\246\147\137\217\271\165\114\147\141\116\366\377\010\000I\000C\000P\000I\000N\000N\377\011}{section.3.1}% 23
\BOOKMARK [1][-]{section.3.2}{\376\377\0003\000.\0002\000\040\177\121\176\334\147\266\147\204}{chapter.3}% 24
\BOOKMARK [2][-]{subsection.3.2.1}{\376\377\0003\000.\0002\000.\0001\000\040\225\350\143\247\177\121\176\334\377\010\000B\000S\000M\000\040\116\016\000\040\000C\000E\000V\377\011}{section.3.2}% 25
\BOOKMARK [2][-]{subsection.3.2.2}{\376\377\0003\000.\0002\000.\0002\000\040\000I\000C\000P\000I\000N\000N\000\040\123\314\177\121\176\334\147\266\147\204\377\010\000H\000e\000s\000t\000o\000n\377\011}{section.3.2}% 26
\BOOKMARK [2][-]{subsection.3.2.3}{\376\377\0003\000.\0002\000.\0003\000\040\217\223\121\145\137\122\116\000\123\026}{section.3.2}% 27
\BOOKMARK [1][-]{section.3.3}{\376\377\0003\000.\0003\000\040\154\342\122\250\163\207\060\001\226\220\124\053\154\342\122\250\163\207\116\016\136\014\201\112\133\127\153\315}{chapter.3}% 28
\BOOKMARK [2][-]{subsection.3.3.1}{\376\377\0003\000.\0003\000.\0001\000\040\123\206\123\362\154\342\122\250\163\207\116\016\226\220\124\053\154\342\122\250\163\207}{section.3.3}% 29
\BOOKMARK [2][-]{subsection.3.3.2}{\376\377\0003\000.\0003\000.\0002\000\040\136\014\201\112\133\127\153\315}{section.3.3}% 30
\BOOKMARK [2][-]{subsection.3.3.3}{\376\377\0003\000.\0003\000.\0003\000\040\000H\000e\000s\000t\000o\000n\000\040\152\041\127\213\116\013\136\014\201\112\133\127\153\315\166\204\232\330\145\110\213\241\173\227}{section.3.3}% 31
\BOOKMARK [1][-]{section.3.4}{3.4\040BSM-PINN}{chapter.3}% 32
\BOOKMARK [1][-]{section.3.5}{3.5\040CEV-PINN}{chapter.3}% 33
\BOOKMARK [1][-]{section.3.6}{3.6\040Heston-PINN}{chapter.3}% 34
\BOOKMARK [1][-]{section.3.7}{\376\377\0003\000.\0007\000\040\000L\000L\000M\000\040\215\357\165\061\134\102}{chapter.3}% 35
\BOOKMARK [2][-]{subsection.3.7.1}{\376\377\0003\000.\0007\000.\0001\000\040\213\276\213\241\122\250\147\072}{section.3.7}% 36
\BOOKMARK [2][-]{subsection.3.7.2}{\376\377\0003\000.\0007\000.\0002\000\040\215\357\165\061\211\304\122\031}{section.3.7}% 37
\BOOKMARK [2][-]{subsection.3.7.3}{\376\377\0003\000.\0007\000.\0003\000\040\123\302\145\160\143\320\123\326}{section.3.7}% 38
\BOOKMARK [2][-]{subsection.3.7.4}{\376\377\0003\000.\0007\000.\0004\000\040\174\373\176\337\155\101\172\013}{section.3.7}% 39
\BOOKMARK [1][-]{section.3.8}{\376\377\0003\000.\0008\000\040\147\054\172\340\134\017\176\323}{chapter.3}% 40
\BOOKMARK [0][-]{chapter.4}{\376\377\173\054\126\333\172\340\000\040\000\040\133\236\232\214}{}% 41
\BOOKMARK [1][-]{section.4.1}{\376\377\0004\000.\0001\000\040\133\236\232\214\213\276\177\156}{chapter.4}% 42
\BOOKMARK [2][-]{subsection.4.1.1}{\376\377\0004\000.\0001\000.\0001\000\040\170\154\116\366\116\016\217\157\116\366\163\257\130\203}{section.4.1}% 43
\BOOKMARK [2][-]{subsection.4.1.2}{\376\377\0004\000.\0001\000.\0002\000\040\213\255\176\303\123\302\145\160}{section.4.1}% 44
\BOOKMARK [2][-]{subsection.4.1.3}{\376\377\0004\000.\0001\000.\0003\000\040\213\304\117\060\143\007\150\007}{section.4.1}% 45
\BOOKMARK [2][-]{subsection.4.1.4}{\376\377\0004\000.\0001\000.\0004\000\040\127\372\121\306\123\302\145\160}{section.4.1}% 46
\BOOKMARK [1][-]{section.4.2}{\376\377\0004\000.\0002\000\040\000B\000S\000M\000-\000P\000I\000N\000N\000\040\133\236\232\214\176\323\147\234}{chapter.4}% 47
\BOOKMARK [2][-]{subsection.4.2.1}{\376\377\0004\000.\0002\000.\0001\000\040\174\276\136\246\213\304\117\060}{section.4.2}% 48
\BOOKMARK [2][-]{subsection.4.2.2}{\376\377\0004\000.\0002\000.\0002\000\040\145\066\145\133\146\362\176\277}{section.4.2}% 49
\BOOKMARK [1][-]{section.4.3}{\376\377\0004\000.\0003\000\040\000C\000E\000V\000-\000P\000I\000N\000N\000\040\133\236\232\214\176\323\147\234}{chapter.4}% 50
\BOOKMARK [2][-]{subsection.4.3.1}{\376\377\0004\000.\0003\000.\0001\000\040\174\276\136\246\213\304\117\060}{section.4.3}% 51
\BOOKMARK [2][-]{subsection.4.3.2}{\376\377\0004\000.\0003\000.\0002\000\040\147\140\147\106\145\110\136\224\232\214\213\301}{section.4.3}% 52
\BOOKMARK [1][-]{section.4.4}{\376\377\0004\000.\0004\000\040\000H\000e\000s\000t\000o\000n\000-\000P\000I\000N\000N\000\040\133\236\232\214\176\323\147\234}{chapter.4}% 53
\BOOKMARK [2][-]{subsection.4.4.1}{\376\377\0004\000.\0004\000.\0001\000\040\174\276\136\246\213\304\117\060}{section.4.4}% 54
\BOOKMARK [2][-]{subsection.4.4.2}{\376\377\0004\000.\0004\000.\0002\000\040\000I\000C\000P\000I\000N\000N\000\040\170\154\176\246\147\137\166\204\145\110\147\234}{section.4.4}% 55
\BOOKMARK [1][-]{section.4.5}{\376\377\0004\000.\0005\000\040\000L\000L\000M\000\040\215\357\165\061\157\024\171\072}{chapter.4}% 56
\BOOKMARK [2][-]{subsection.4.5.1}{\376\377\0004\000.\0005\000.\0001\000\040\201\352\161\066\213\355\212\000\116\244\116\222\171\072\117\213}{section.4.5}% 57
\BOOKMARK [2][-]{subsection.4.5.2}{\376\377\0004\000.\0005\000.\0002\000\040\215\357\165\061\121\306\170\156\140\047}{section.4.5}% 58
\BOOKMARK [2][-]{subsection.4.5.3}{\376\377\0004\000.\0005\000.\0003\000\040\143\250\145\255\136\366\217\337}{section.4.5}% 59
\BOOKMARK [1][-]{section.4.6}{\376\377\0004\000.\0006\000\040\123\302\145\160\150\041\121\306\133\236\232\214}{chapter.4}% 60
\BOOKMARK [2][-]{subsection.4.6.1}{\376\377\0004\000.\0006\000.\0001\000\040\122\250\147\072\116\016\145\271\154\325}{section.4.6}% 61
\BOOKMARK [2][-]{subsection.4.6.2}{\376\377\0004\000.\0006\000.\0002\000\040\150\041\121\306\176\323\147\234}{section.4.6}% 62
\BOOKMARK [2][-]{subsection.4.6.3}{\376\377\0004\000.\0006\000.\0003\000\040\150\041\121\306\123\302\145\160\116\013\166\204\000\040\000P\000I\000N\000N\000\040\133\232\116\367}{section.4.6}% 63
\BOOKMARK [2][-]{subsection.4.6.4}{\376\377\0004\000.\0006\000.\0004\000\040\131\032\136\002\127\072\150\041\121\306\142\151\134\125}{section.4.6}% 64
\BOOKMARK [1][-]{section.4.7}{\376\377\0004\000.\0007\000\040\147\054\172\340\134\017\176\323}{chapter.4}% 65
\BOOKMARK [0][-]{chapter.5}{\376\377\173\054\116\224\172\340\000\040\000\040\176\323\213\272}{}% 66
\BOOKMARK [1][-]{section.5.1}{\376\377\0005\000.\0001\000\040\135\345\117\134\140\073\176\323}{chapter.5}% 67
\BOOKMARK [1][-]{section.5.2}{\376\377\0005\000.\0002\000\040\134\100\226\120\140\047\116\016\147\052\147\145\135\345\117\134}{chapter.5}% 68
\BOOKMARK [1][-]{section.5.3}{\376\377\0005\000.\0003\000\040\147\054\172\340\134\017\176\323}{chapter.5}% 69
\BOOKMARK [0][-]{appendix.A}{\376\377\226\104\137\125\000\040\000A\000\040\000\040\150\070\137\303\116\343\170\001\133\236\163\260}{}% 70
\BOOKMARK [1][-]{section.A.1}{\376\377\000A\000.\0001\000\040\000P\000D\000E\000\040\153\213\135\356\213\241\173\227\377\010\116\345\000\040\000B\000S\000M\000\040\116\072\117\213\377\011}{appendix.A}% 71
\BOOKMARK [1][-]{section.A.2}{\376\377\000A\000.\0002\000\040\000I\000C\000P\000I\000N\000N\000\040\170\154\176\246\147\137\217\223\121\372\123\330\143\142\377\010\000H\000e\000s\000t\000o\000n\377\011}{appendix.A}% 72
\BOOKMARK [1][-]{section.A.3}{\376\377\000A\000.\0003\000\040\000L\000L\000M\000\040\215\357\165\061\134\102\174\373\176\337\143\320\171\072\213\315}{appendix.A}% 73
\BOOKMARK [1][-]{section.A.4}{\376\377\000A\000.\0004\000\040\177\216\137\017\147\037\147\103\000\040\000P\000I\000N\000N\000\040\142\151\134\125\145\271\150\110}{appendix.A}% 74
\BOOKMARK [0][-]{section*.15}{\376\377\123\302\200\003\145\207\163\056}{}% 75
\BOOKMARK [0][-]{appendix*.17}{\376\377\201\364\214\042}{}% 76
